MPLINK 5.09, LINKER
Linker Map File - Created Thu Jul  4 17:13:49 2019

                                 Section Info
                  Section       Type    Address   Location Size(Bytes)
                ---------  ---------  ---------  ---------  ---------
                   .org_0       code   0x000000    program   0x000002
                   .cinit    romdata   0x000001    program   0x000004
                   .org_1       code   0x000004    program   0x00004c
.config_2007_BUILD/DEFAULT/DEBUG/AULA_25E27_0       code   0x002007    program   0x000002



                              Program Memory Usage 
                               Start         End      
                           ---------   ---------      
                            0x000000    0x000002      
                            0x000004    0x000029      
                            0x002007    0x002007      
            42 out of 1158 program addresses used, program memory utilization is 3%



                              Symbols - Sorted by Name
                     Name    Address   Location    Storage File                     
                ---------  ---------  ---------  --------- ---------                
               FINALZINHO   0x00000d    program     static /home/andre/Documents/2019.1/Microcontroladores/Interrupcao_25e27_06.X/Aula_25e27_06.ASM
                   INICIO   0x00001c    program     static /home/andre/Documents/2019.1/Microcontroladores/Interrupcao_25e27_06.X/Aula_25e27_06.ASM
              INVERTE_GP4   0x000010    program     static /home/andre/Documents/2019.1/Microcontroladores/Interrupcao_25e27_06.X/Aula_25e27_06.ASM
               LIMPA_FLAG   0x00000e    program     static /home/andre/Documents/2019.1/Microcontroladores/Interrupcao_25e27_06.X/Aula_25e27_06.ASM
              LIMPA_FLAG2   0x000015    program     static /home/andre/Documents/2019.1/Microcontroladores/Interrupcao_25e27_06.X/Aula_25e27_06.ASM
                     MAIN   0x000029    program     static /home/andre/Documents/2019.1/Microcontroladores/Interrupcao_25e27_06.X/Aula_25e27_06.ASM
                  SAI_INT   0x000016    program     static /home/andre/Documents/2019.1/Microcontroladores/Interrupcao_25e27_06.X/Aula_25e27_06.ASM
               SUBROTINA1   0x00001b    program     static /home/andre/Documents/2019.1/Microcontroladores/Interrupcao_25e27_06.X/Aula_25e27_06.ASM
                 ZERA_GP4   0x000014    program     static /home/andre/Documents/2019.1/Microcontroladores/Interrupcao_25e27_06.X/Aula_25e27_06.ASM



                              Symbols - Sorted by Address
                     Name    Address   Location    Storage File                     
                ---------  ---------  ---------  --------- ---------                
               FINALZINHO   0x00000d    program     static /home/andre/Documents/2019.1/Microcontroladores/Interrupcao_25e27_06.X/Aula_25e27_06.ASM
               LIMPA_FLAG   0x00000e    program     static /home/andre/Documents/2019.1/Microcontroladores/Interrupcao_25e27_06.X/Aula_25e27_06.ASM
              INVERTE_GP4   0x000010    program     static /home/andre/Documents/2019.1/Microcontroladores/Interrupcao_25e27_06.X/Aula_25e27_06.ASM
                 ZERA_GP4   0x000014    program     static /home/andre/Documents/2019.1/Microcontroladores/Interrupcao_25e27_06.X/Aula_25e27_06.ASM
              LIMPA_FLAG2   0x000015    program     static /home/andre/Documents/2019.1/Microcontroladores/Interrupcao_25e27_06.X/Aula_25e27_06.ASM
                  SAI_INT   0x000016    program     static /home/andre/Documents/2019.1/Microcontroladores/Interrupcao_25e27_06.X/Aula_25e27_06.ASM
               SUBROTINA1   0x00001b    program     static /home/andre/Documents/2019.1/Microcontroladores/Interrupcao_25e27_06.X/Aula_25e27_06.ASM
                   INICIO   0x00001c    program     static /home/andre/Documents/2019.1/Microcontroladores/Interrupcao_25e27_06.X/Aula_25e27_06.ASM
                     MAIN   0x000029    program     static /home/andre/Documents/2019.1/Microcontroladores/Interrupcao_25e27_06.X/Aula_25e27_06.ASM


