MPLINK 5.09, LINKER
Linker Map File - Created Fri Sep 20 00:07:07 2019

                                 Section Info
                  Section       Type    Address   Location Size(Bytes)
                ---------  ---------  ---------  ---------  ---------
                   .org_0       code   0x000000    program   0x000000
                   .org_1       code   0x000000    program   0x000002
                   .org_2       code   0x000004    program   0x0000ca
.config_2007_/HOME/ANDRE/DOCUMENTS/2019.1/MIC       code   0x002007    program   0x000002



                              Program Memory Usage 
                               Start         End      
                           ---------   ---------      
                            0x000000    0x000000      
                            0x000004    0x000068      
                            0x002007    0x002007      
            103 out of 1158 program addresses used, program memory utilization is 8%



                              Symbols - Sorted by Name
                     Name    Address   Location    Storage File                     
                ---------  ---------  ---------  --------- ---------                
      AINDA_NAO_CONVERTEU   0x000028    program     static /home/andre/Documents/2019.1/Microcontroladores/Atividade5.X/Atividade5.ASM
                   COMECO   0x00001b    program     static /home/andre/Documents/2019.1/Microcontroladores/Atividade5.X/Atividade5.ASM
               CONTA_BITS   0x00004a    program     static /home/andre/Documents/2019.1/Microcontroladores/Atividade5.X/Atividade5.ASM
         CONTA_BITS_SAIDA   0x00005c    program     static /home/andre/Documents/2019.1/Microcontroladores/Atividade5.X/Atividade5.ASM
                    DELAY   0x000060    program     static /home/andre/Documents/2019.1/Microcontroladores/Atividade5.X/Atividade5.ASM
ENCONTRANDO_PARTE_DECIMAL   0x00003c    program     static /home/andre/Documents/2019.1/Microcontroladores/Atividade5.X/Atividade5.ASM
ENCONTRANDO_PARTE_INTEIRA   0x00002a    program     static /home/andre/Documents/2019.1/Microcontroladores/Atividade5.X/Atividade5.ASM
                   INICIO   0x00000d    program     static /home/andre/Documents/2019.1/Microcontroladores/Atividade5.X/Atividade5.ASM
                     MAIN   0x00001b    program     static /home/andre/Documents/2019.1/Microcontroladores/Atividade5.X/Atividade5.ASM
             MULTIPLICA_5   0x000042    program     static /home/andre/Documents/2019.1/Microcontroladores/Atividade5.X/Atividade5.ASM
            MULTIPLICA_51   0x000035    program     static /home/andre/Documents/2019.1/Microcontroladores/Atividade5.X/Atividade5.ASM
         PRIMEIRA_ROTACAO   0x000047    program     static /home/andre/Documents/2019.1/Microcontroladores/Atividade5.X/Atividade5.ASM
                    SAIDA   0x00004f    program     static /home/andre/Documents/2019.1/Microcontroladores/Atividade5.X/Atividade5.ASM
                  SAI_INT   0x000007    program     static /home/andre/Documents/2019.1/Microcontroladores/Atividade5.X/Atividade5.ASM
            SEGUNDA_PARTE   0x00003a    program     static /home/andre/Documents/2019.1/Microcontroladores/Atividade5.X/Atividade5.ASM
           SETA_GP0_SAIDA   0x000057    program     static /home/andre/Documents/2019.1/Microcontroladores/Atividade5.X/Atividade5.ASM
               SUBROTINA1   0x00000c    program     static /home/andre/Documents/2019.1/Microcontroladores/Atividade5.X/Atividade5.ASM



                              Symbols - Sorted by Address
                     Name    Address   Location    Storage File                     
                ---------  ---------  ---------  --------- ---------                
                  SAI_INT   0x000007    program     static /home/andre/Documents/2019.1/Microcontroladores/Atividade5.X/Atividade5.ASM
               SUBROTINA1   0x00000c    program     static /home/andre/Documents/2019.1/Microcontroladores/Atividade5.X/Atividade5.ASM
                   INICIO   0x00000d    program     static /home/andre/Documents/2019.1/Microcontroladores/Atividade5.X/Atividade5.ASM
                     MAIN   0x00001b    program     static /home/andre/Documents/2019.1/Microcontroladores/Atividade5.X/Atividade5.ASM
                   COMECO   0x00001b    program     static /home/andre/Documents/2019.1/Microcontroladores/Atividade5.X/Atividade5.ASM
      AINDA_NAO_CONVERTEU   0x000028    program     static /home/andre/Documents/2019.1/Microcontroladores/Atividade5.X/Atividade5.ASM
ENCONTRANDO_PARTE_INTEIRA   0x00002a    program     static /home/andre/Documents/2019.1/Microcontroladores/Atividade5.X/Atividade5.ASM
            MULTIPLICA_51   0x000035    program     static /home/andre/Documents/2019.1/Microcontroladores/Atividade5.X/Atividade5.ASM
            SEGUNDA_PARTE   0x00003a    program     static /home/andre/Documents/2019.1/Microcontroladores/Atividade5.X/Atividade5.ASM
ENCONTRANDO_PARTE_DECIMAL   0x00003c    program     static /home/andre/Documents/2019.1/Microcontroladores/Atividade5.X/Atividade5.ASM
             MULTIPLICA_5   0x000042    program     static /home/andre/Documents/2019.1/Microcontroladores/Atividade5.X/Atividade5.ASM
         PRIMEIRA_ROTACAO   0x000047    program     static /home/andre/Documents/2019.1/Microcontroladores/Atividade5.X/Atividade5.ASM
               CONTA_BITS   0x00004a    program     static /home/andre/Documents/2019.1/Microcontroladores/Atividade5.X/Atividade5.ASM
                    SAIDA   0x00004f    program     static /home/andre/Documents/2019.1/Microcontroladores/Atividade5.X/Atividade5.ASM
           SETA_GP0_SAIDA   0x000057    program     static /home/andre/Documents/2019.1/Microcontroladores/Atividade5.X/Atividade5.ASM
         CONTA_BITS_SAIDA   0x00005c    program     static /home/andre/Documents/2019.1/Microcontroladores/Atividade5.X/Atividade5.ASM
                    DELAY   0x000060    program     static /home/andre/Documents/2019.1/Microcontroladores/Atividade5.X/Atividade5.ASM


