MPLINK 5.09, LINKER
Linker Map File - Created Thu Aug 15 16:07:33 2019

                                 Section Info
                  Section       Type    Address   Location Size(Bytes)
                ---------  ---------  ---------  ---------  ---------
                   .org_0       code   0x000000    program   0x000000
                   .org_2       code   0x000000    program   0x000002
                   .org_3       code   0x000004    program   0x00009a
.config_2007_/HOME/ANDRE/DOCUMENTS/2019.1/MIC       code   0x002007    program   0x000002
                   .org_1       code   0x002100    program   0x000050



                              Program Memory Usage 
                               Start         End      
                           ---------   ---------      
                            0x000000    0x000000      
                            0x000004    0x000050      
                            0x002007    0x002007      
                            0x002100    0x002127      
            119 out of 1158 program addresses used, program memory utilization is 10%



                              Symbols - Sorted by Name
                     Name    Address   Location    Storage File                     
                ---------  ---------  ---------  --------- ---------                
                  AGUARDA   0x00001f    program     static /home/andre/Documents/2019.1/Microcontroladores/EEPROM_ROTINA.X/Vazio_EEPROM.ASM
             DESLOCAMENTO   0x00003b    program     static /home/andre/Documents/2019.1/Microcontroladores/EEPROM_ROTINA.X/Vazio_EEPROM.ASM
                      FIM   0x000050    program     static /home/andre/Documents/2019.1/Microcontroladores/EEPROM_ROTINA.X/Vazio_EEPROM.ASM
             GRAVA_EEPROM   0x000013    program     static /home/andre/Documents/2019.1/Microcontroladores/EEPROM_ROTINA.X/Vazio_EEPROM.ASM
                   INICIO   0x000025    program     static /home/andre/Documents/2019.1/Microcontroladores/EEPROM_ROTINA.X/Vazio_EEPROM.ASM
                LE_EEPROM   0x00000c    program     static /home/andre/Documents/2019.1/Microcontroladores/EEPROM_ROTINA.X/Vazio_EEPROM.ASM
                     MAIN   0x000030    program     static /home/andre/Documents/2019.1/Microcontroladores/EEPROM_ROTINA.X/Vazio_EEPROM.ASM
                  SAI_INT   0x000007    program     static /home/andre/Documents/2019.1/Microcontroladores/EEPROM_ROTINA.X/Vazio_EEPROM.ASM
               SUBROTINA1   0x000024    program     static /home/andre/Documents/2019.1/Microcontroladores/EEPROM_ROTINA.X/Vazio_EEPROM.ASM



                              Symbols - Sorted by Address
                     Name    Address   Location    Storage File                     
                ---------  ---------  ---------  --------- ---------                
                  SAI_INT   0x000007    program     static /home/andre/Documents/2019.1/Microcontroladores/EEPROM_ROTINA.X/Vazio_EEPROM.ASM
                LE_EEPROM   0x00000c    program     static /home/andre/Documents/2019.1/Microcontroladores/EEPROM_ROTINA.X/Vazio_EEPROM.ASM
             GRAVA_EEPROM   0x000013    program     static /home/andre/Documents/2019.1/Microcontroladores/EEPROM_ROTINA.X/Vazio_EEPROM.ASM
                  AGUARDA   0x00001f    program     static /home/andre/Documents/2019.1/Microcontroladores/EEPROM_ROTINA.X/Vazio_EEPROM.ASM
               SUBROTINA1   0x000024    program     static /home/andre/Documents/2019.1/Microcontroladores/EEPROM_ROTINA.X/Vazio_EEPROM.ASM
                   INICIO   0x000025    program     static /home/andre/Documents/2019.1/Microcontroladores/EEPROM_ROTINA.X/Vazio_EEPROM.ASM
                     MAIN   0x000030    program     static /home/andre/Documents/2019.1/Microcontroladores/EEPROM_ROTINA.X/Vazio_EEPROM.ASM
             DESLOCAMENTO   0x00003b    program     static /home/andre/Documents/2019.1/Microcontroladores/EEPROM_ROTINA.X/Vazio_EEPROM.ASM
                      FIM   0x000050    program     static /home/andre/Documents/2019.1/Microcontroladores/EEPROM_ROTINA.X/Vazio_EEPROM.ASM


