MPLINK 5.09, LINKER
Linker Map File - Created Sat Jun 29 21:06:45 2019

                                 Section Info
                  Section       Type    Address   Location Size(Bytes)
                ---------  ---------  ---------  ---------  ---------
                   .org_0       code   0x000000    program   0x000002
                   .cinit    romdata   0x000001    program   0x000004
                   .org_1       code   0x000004    program   0x000066
.config_2007_BUILD/DEFAULT/DEBUG/_EXT/1472/AT       code   0x002007    program   0x000002



                              Program Memory Usage 
                               Start         End      
                           ---------   ---------      
                            0x000000    0x000002      
                            0x000004    0x000036      
                            0x002007    0x002007      
            55 out of 1158 program addresses used, program memory utilization is 4%



                              Symbols - Sorted by Name
                     Name    Address   Location    Storage File                     
                ---------  ---------  ---------  --------- ---------                
                 CONTA_AA   0x000025    program     static ../ATIVIDADE1_MPLAB.ASM  
                 CONTA_BB   0x00002e    program     static ../ATIVIDADE1_MPLAB.ASM  
                   INICIO   0x00000d    program     static ../ATIVIDADE1_MPLAB.ASM  
                     MAIN   0x000018    program     static ../ATIVIDADE1_MPLAB.ASM  
                  SAI_INT   0x000007    program     static ../ATIVIDADE1_MPLAB.ASM  
               SUBROTINA1   0x00000c    program     static ../ATIVIDADE1_MPLAB.ASM  
             VAMOS_CONTAR   0x000021    program     static ../ATIVIDADE1_MPLAB.ASM  
             _.org_1_001E   0x00001e    program     static ../ATIVIDADE1_MPLAB.ASM  



                              Symbols - Sorted by Address
                     Name    Address   Location    Storage File                     
                ---------  ---------  ---------  --------- ---------                
                  SAI_INT   0x000007    program     static ../ATIVIDADE1_MPLAB.ASM  
               SUBROTINA1   0x00000c    program     static ../ATIVIDADE1_MPLAB.ASM  
                   INICIO   0x00000d    program     static ../ATIVIDADE1_MPLAB.ASM  
                     MAIN   0x000018    program     static ../ATIVIDADE1_MPLAB.ASM  
             _.org_1_001E   0x00001e    program     static ../ATIVIDADE1_MPLAB.ASM  
             VAMOS_CONTAR   0x000021    program     static ../ATIVIDADE1_MPLAB.ASM  
                 CONTA_AA   0x000025    program     static ../ATIVIDADE1_MPLAB.ASM  
                 CONTA_BB   0x00002e    program     static ../ATIVIDADE1_MPLAB.ASM  


