MPLINK 5.09, LINKER
Linker Map File - Created Thu Sep  5 13:49:56 2019

                                 Section Info
                  Section       Type    Address   Location Size(Bytes)
                ---------  ---------  ---------  ---------  ---------
                   .org_0       code   0x000000    program   0x000002
                   .cinit    romdata   0x000001    program   0x000004
                   .org_1       code   0x000004    program   0x0000d4
.config_2007_BUILD/DEFAULT/DEBUG/DIA_29_08.O       code   0x002007    program   0x000002



                              Program Memory Usage 
                               Start         End      
                           ---------   ---------      
                            0x000000    0x000002      
                            0x000004    0x00006d      
                            0x002007    0x002007      
            110 out of 2182 program addresses used, program memory utilization is 5%



                              Symbols - Sorted by Name
                     Name    Address   Location    Storage File                     
                ---------  ---------  ---------  --------- ---------                
                   INICIO   0x00000d    program     static /home/andre/Documents/2019.1/Microcontroladores/aula_29_08.X/dia_29_08.ASM
                     MAIN   0x000017    program     static /home/andre/Documents/2019.1/Microcontroladores/aula_29_08.X/dia_29_08.ASM
                  ROTINA1   0x00001e    program     static /home/andre/Documents/2019.1/Microcontroladores/aula_29_08.X/dia_29_08.ASM
                ROTINA1_2   0x000021    program     static /home/andre/Documents/2019.1/Microcontroladores/aula_29_08.X/dia_29_08.ASM
             ROTINA1_2_C1   0x000028    program     static /home/andre/Documents/2019.1/Microcontroladores/aula_29_08.X/dia_29_08.ASM
             ROTINA1_2_C2   0x00002d    program     static /home/andre/Documents/2019.1/Microcontroladores/aula_29_08.X/dia_29_08.ASM
             ROTINA1_2_C3   0x000032    program     static /home/andre/Documents/2019.1/Microcontroladores/aula_29_08.X/dia_29_08.ASM
                  ROTINA2   0x000035    program     static /home/andre/Documents/2019.1/Microcontroladores/aula_29_08.X/dia_29_08.ASM
                ROTINA2_2   0x000038    program     static /home/andre/Documents/2019.1/Microcontroladores/aula_29_08.X/dia_29_08.ASM
             ROTINA2_2_C1   0x00003f    program     static /home/andre/Documents/2019.1/Microcontroladores/aula_29_08.X/dia_29_08.ASM
             ROTINA2_2_C2   0x000043    program     static /home/andre/Documents/2019.1/Microcontroladores/aula_29_08.X/dia_29_08.ASM
             ROTINA2_2_C3   0x000047    program     static /home/andre/Documents/2019.1/Microcontroladores/aula_29_08.X/dia_29_08.ASM
                  ROTINA3   0x00004c    program     static /home/andre/Documents/2019.1/Microcontroladores/aula_29_08.X/dia_29_08.ASM
                ROTINA3_2   0x00004f    program     static /home/andre/Documents/2019.1/Microcontroladores/aula_29_08.X/dia_29_08.ASM
                ROTINA3_3   0x000053    program     static /home/andre/Documents/2019.1/Microcontroladores/aula_29_08.X/dia_29_08.ASM
             ROTINA3_3_C1   0x000058    program     static /home/andre/Documents/2019.1/Microcontroladores/aula_29_08.X/dia_29_08.ASM
             ROTINA3_3_C2   0x00005d    program     static /home/andre/Documents/2019.1/Microcontroladores/aula_29_08.X/dia_29_08.ASM
                  ROTINA4   0x000060    program     static /home/andre/Documents/2019.1/Microcontroladores/aula_29_08.X/dia_29_08.ASM
                ROTINA4_2   0x000063    program     static /home/andre/Documents/2019.1/Microcontroladores/aula_29_08.X/dia_29_08.ASM
                ROTINA4_3   0x000067    program     static /home/andre/Documents/2019.1/Microcontroladores/aula_29_08.X/dia_29_08.ASM
                ROTINA4_4   0x00006b    program     static /home/andre/Documents/2019.1/Microcontroladores/aula_29_08.X/dia_29_08.ASM
                  SAI_INT   0x000007    program     static /home/andre/Documents/2019.1/Microcontroladores/aula_29_08.X/dia_29_08.ASM
               SUBROTINA1   0x00000c    program     static /home/andre/Documents/2019.1/Microcontroladores/aula_29_08.X/dia_29_08.ASM
             _.org_1_0018   0x000018    program     static /home/andre/Documents/2019.1/Microcontroladores/aula_29_08.X/dia_29_08.ASM



                              Symbols - Sorted by Address
                     Name    Address   Location    Storage File                     
                ---------  ---------  ---------  --------- ---------                
                  SAI_INT   0x000007    program     static /home/andre/Documents/2019.1/Microcontroladores/aula_29_08.X/dia_29_08.ASM
               SUBROTINA1   0x00000c    program     static /home/andre/Documents/2019.1/Microcontroladores/aula_29_08.X/dia_29_08.ASM
                   INICIO   0x00000d    program     static /home/andre/Documents/2019.1/Microcontroladores/aula_29_08.X/dia_29_08.ASM
                     MAIN   0x000017    program     static /home/andre/Documents/2019.1/Microcontroladores/aula_29_08.X/dia_29_08.ASM
             _.org_1_0018   0x000018    program     static /home/andre/Documents/2019.1/Microcontroladores/aula_29_08.X/dia_29_08.ASM
                  ROTINA1   0x00001e    program     static /home/andre/Documents/2019.1/Microcontroladores/aula_29_08.X/dia_29_08.ASM
                ROTINA1_2   0x000021    program     static /home/andre/Documents/2019.1/Microcontroladores/aula_29_08.X/dia_29_08.ASM
             ROTINA1_2_C1   0x000028    program     static /home/andre/Documents/2019.1/Microcontroladores/aula_29_08.X/dia_29_08.ASM
             ROTINA1_2_C2   0x00002d    program     static /home/andre/Documents/2019.1/Microcontroladores/aula_29_08.X/dia_29_08.ASM
             ROTINA1_2_C3   0x000032    program     static /home/andre/Documents/2019.1/Microcontroladores/aula_29_08.X/dia_29_08.ASM
                  ROTINA2   0x000035    program     static /home/andre/Documents/2019.1/Microcontroladores/aula_29_08.X/dia_29_08.ASM
                ROTINA2_2   0x000038    program     static /home/andre/Documents/2019.1/Microcontroladores/aula_29_08.X/dia_29_08.ASM
             ROTINA2_2_C1   0x00003f    program     static /home/andre/Documents/2019.1/Microcontroladores/aula_29_08.X/dia_29_08.ASM
             ROTINA2_2_C2   0x000043    program     static /home/andre/Documents/2019.1/Microcontroladores/aula_29_08.X/dia_29_08.ASM
             ROTINA2_2_C3   0x000047    program     static /home/andre/Documents/2019.1/Microcontroladores/aula_29_08.X/dia_29_08.ASM
                  ROTINA3   0x00004c    program     static /home/andre/Documents/2019.1/Microcontroladores/aula_29_08.X/dia_29_08.ASM
                ROTINA3_2   0x00004f    program     static /home/andre/Documents/2019.1/Microcontroladores/aula_29_08.X/dia_29_08.ASM
                ROTINA3_3   0x000053    program     static /home/andre/Documents/2019.1/Microcontroladores/aula_29_08.X/dia_29_08.ASM
             ROTINA3_3_C1   0x000058    program     static /home/andre/Documents/2019.1/Microcontroladores/aula_29_08.X/dia_29_08.ASM
             ROTINA3_3_C2   0x00005d    program     static /home/andre/Documents/2019.1/Microcontroladores/aula_29_08.X/dia_29_08.ASM
                  ROTINA4   0x000060    program     static /home/andre/Documents/2019.1/Microcontroladores/aula_29_08.X/dia_29_08.ASM
                ROTINA4_2   0x000063    program     static /home/andre/Documents/2019.1/Microcontroladores/aula_29_08.X/dia_29_08.ASM
                ROTINA4_3   0x000067    program     static /home/andre/Documents/2019.1/Microcontroladores/aula_29_08.X/dia_29_08.ASM
                ROTINA4_4   0x00006b    program     static /home/andre/Documents/2019.1/Microcontroladores/aula_29_08.X/dia_29_08.ASM


