MPLINK 5.09, LINKER
Linker Map File - Created Sat Jun 29 23:33:33 2019

                                 Section Info
                  Section       Type    Address   Location Size(Bytes)
                ---------  ---------  ---------  ---------  ---------
                   .org_0       code   0x000000    program   0x000002
                   .cinit    romdata   0x000001    program   0x000004
                   .org_1       code   0x000004    program   0x00003c
.config_2007_BUILD/DEFAULT/DEBUG/AULA_25_06.O       code   0x002007    program   0x000002



                              Program Memory Usage 
                               Start         End      
                           ---------   ---------      
                            0x000000    0x000002      
                            0x000004    0x000021      
                            0x002007    0x002007      
            34 out of 1158 program addresses used, program memory utilization is 2%



                              Symbols - Sorted by Name
                     Name    Address   Location    Storage File                     
                ---------  ---------  ---------  --------- ---------                
               FINALZINHO   0x00000b    program     static /home/andre/Documents/2019.1/Microcontroladores/Interrupcao_dia_25_06.X/Aula_25_06.ASM
                   INICIO   0x000013    program     static /home/andre/Documents/2019.1/Microcontroladores/Interrupcao_dia_25_06.X/Aula_25_06.ASM
               LIMPA_FLAG   0x00000c    program     static /home/andre/Documents/2019.1/Microcontroladores/Interrupcao_dia_25_06.X/Aula_25_06.ASM
                     MAIN   0x000020    program     static /home/andre/Documents/2019.1/Microcontroladores/Interrupcao_dia_25_06.X/Aula_25_06.ASM
                  SAI_INT   0x00000d    program     static /home/andre/Documents/2019.1/Microcontroladores/Interrupcao_dia_25_06.X/Aula_25_06.ASM
               SUBROTINA1   0x000012    program     static /home/andre/Documents/2019.1/Microcontroladores/Interrupcao_dia_25_06.X/Aula_25_06.ASM



                              Symbols - Sorted by Address
                     Name    Address   Location    Storage File                     
                ---------  ---------  ---------  --------- ---------                
               FINALZINHO   0x00000b    program     static /home/andre/Documents/2019.1/Microcontroladores/Interrupcao_dia_25_06.X/Aula_25_06.ASM
               LIMPA_FLAG   0x00000c    program     static /home/andre/Documents/2019.1/Microcontroladores/Interrupcao_dia_25_06.X/Aula_25_06.ASM
                  SAI_INT   0x00000d    program     static /home/andre/Documents/2019.1/Microcontroladores/Interrupcao_dia_25_06.X/Aula_25_06.ASM
               SUBROTINA1   0x000012    program     static /home/andre/Documents/2019.1/Microcontroladores/Interrupcao_dia_25_06.X/Aula_25_06.ASM
                   INICIO   0x000013    program     static /home/andre/Documents/2019.1/Microcontroladores/Interrupcao_dia_25_06.X/Aula_25_06.ASM
                     MAIN   0x000020    program     static /home/andre/Documents/2019.1/Microcontroladores/Interrupcao_dia_25_06.X/Aula_25_06.ASM


