MPLINK 5.09, LINKER
Linker Map File - Created Thu Sep 19 14:23:39 2019

                                 Section Info
                  Section       Type    Address   Location Size(Bytes)
                ---------  ---------  ---------  ---------  ---------
                   .org_0       code   0x000000    program   0x000002
                   .cinit    romdata   0x000001    program   0x000004
                   .org_1       code   0x000004    program   0x000054
.config_2007_BUILD/DEFAULT/DEBUG/AULA_27_08.O       code   0x002007    program   0x000002



                              Program Memory Usage 
                               Start         End      
                           ---------   ---------      
                            0x000000    0x000002      
                            0x000004    0x00002d      
                            0x002007    0x002007      
            46 out of 1158 program addresses used, program memory utilization is 3%



                              Symbols - Sorted by Name
                     Name    Address   Location    Storage File                     
                ---------  ---------  ---------  --------- ---------                
                   INICIO   0x00000d    program     static /home/andre/Documents/2019.1/Microcontroladores/aula_27_08.X/aula_27_08.ASM
                     MAIN   0x000018    program     static /home/andre/Documents/2019.1/Microcontroladores/aula_27_08.X/aula_27_08.ASM
                  SAI_INT   0x000007    program     static /home/andre/Documents/2019.1/Microcontroladores/aula_27_08.X/aula_27_08.ASM
               SUBROTINA1   0x00000c    program     static /home/andre/Documents/2019.1/Microcontroladores/aula_27_08.X/aula_27_08.ASM
                TESTA_GP2   0x00001b    program     static /home/andre/Documents/2019.1/Microcontroladores/aula_27_08.X/aula_27_08.ASM
             _.org_1_001C   0x00001c    program     static /home/andre/Documents/2019.1/Microcontroladores/aula_27_08.X/aula_27_08.ASM
             _.org_1_0029   0x000029    program     static /home/andre/Documents/2019.1/Microcontroladores/aula_27_08.X/aula_27_08.ASM



                              Symbols - Sorted by Address
                     Name    Address   Location    Storage File                     
                ---------  ---------  ---------  --------- ---------                
                  SAI_INT   0x000007    program     static /home/andre/Documents/2019.1/Microcontroladores/aula_27_08.X/aula_27_08.ASM
               SUBROTINA1   0x00000c    program     static /home/andre/Documents/2019.1/Microcontroladores/aula_27_08.X/aula_27_08.ASM
                   INICIO   0x00000d    program     static /home/andre/Documents/2019.1/Microcontroladores/aula_27_08.X/aula_27_08.ASM
                     MAIN   0x000018    program     static /home/andre/Documents/2019.1/Microcontroladores/aula_27_08.X/aula_27_08.ASM
                TESTA_GP2   0x00001b    program     static /home/andre/Documents/2019.1/Microcontroladores/aula_27_08.X/aula_27_08.ASM
             _.org_1_001C   0x00001c    program     static /home/andre/Documents/2019.1/Microcontroladores/aula_27_08.X/aula_27_08.ASM
             _.org_1_0029   0x000029    program     static /home/andre/Documents/2019.1/Microcontroladores/aula_27_08.X/aula_27_08.ASM


