MPLINK 5.09, LINKER
Linker Map File - Created Wed Sep  4 15:46:00 2019

                                 Section Info
                  Section       Type    Address   Location Size(Bytes)
                ---------  ---------  ---------  ---------  ---------
                   .org_0       code   0x000000    program   0x000002
                   .cinit    romdata   0x000001    program   0x000004
                   .org_1       code   0x000004    program   0x000038
.config_2007_BUILD/DEFAULT/DEBUG/TESTESS.O       code   0x002007    program   0x000002



                              Program Memory Usage 
                               Start         End      
                           ---------   ---------      
                            0x000000    0x000002      
                            0x000004    0x00001f      
                            0x002007    0x002007      
            32 out of 1158 program addresses used, program memory utilization is 2%



                              Symbols - Sorted by Name
                     Name    Address   Location    Storage File                     
                ---------  ---------  ---------  --------- ---------                
                   INICIO   0x00000d    program     static /home/andre/Documents/2019.1/Microcontroladores/TESTESS.X/TESTESS.ASM
                     MAIN   0x000018    program     static /home/andre/Documents/2019.1/Microcontroladores/TESTESS.X/TESTESS.ASM
                  SAI_INT   0x000007    program     static /home/andre/Documents/2019.1/Microcontroladores/TESTESS.X/TESTESS.ASM
               SUBROTINA1   0x00000c    program     static /home/andre/Documents/2019.1/Microcontroladores/TESTESS.X/TESTESS.ASM
             _.org_1_001D   0x00001d    program     static /home/andre/Documents/2019.1/Microcontroladores/TESTESS.X/TESTESS.ASM



                              Symbols - Sorted by Address
                     Name    Address   Location    Storage File                     
                ---------  ---------  ---------  --------- ---------                
                  SAI_INT   0x000007    program     static /home/andre/Documents/2019.1/Microcontroladores/TESTESS.X/TESTESS.ASM
               SUBROTINA1   0x00000c    program     static /home/andre/Documents/2019.1/Microcontroladores/TESTESS.X/TESTESS.ASM
                   INICIO   0x00000d    program     static /home/andre/Documents/2019.1/Microcontroladores/TESTESS.X/TESTESS.ASM
                     MAIN   0x000018    program     static /home/andre/Documents/2019.1/Microcontroladores/TESTESS.X/TESTESS.ASM
             _.org_1_001D   0x00001d    program     static /home/andre/Documents/2019.1/Microcontroladores/TESTESS.X/TESTESS.ASM


