MPLINK 5.09, LINKER
Linker Map File - Created Thu Aug 15 18:17:13 2019

                                 Section Info
                  Section       Type    Address   Location Size(Bytes)
                ---------  ---------  ---------  ---------  ---------
                   .org_0       code   0x000000    program   0x000002
                   .cinit    romdata   0x000001    program   0x000004
                   .org_1       code   0x000004    program   0x000086
.config_2007_BUILD/DEFAULT/DEBUG/ATIVIDADE6.O       code   0x002007    program   0x000002



                              Program Memory Usage 
                               Start         End      
                           ---------   ---------      
                            0x000000    0x000002      
                            0x000004    0x000046      
                            0x002007    0x002007      
            71 out of 1158 program addresses used, program memory utilization is 6%



                              Symbols - Sorted by Name
                     Name    Address   Location    Storage File                     
                ---------  ---------  ---------  --------- ---------                
                   COMECO   0x00001d    program     static /home/andre/Documents/2019.1/Microcontroladores/Atividade6.X/Atividade6.ASM
            DELAY_DESLIGA   0x00003a    program     static /home/andre/Documents/2019.1/Microcontroladores/Atividade6.X/Atividade6.ASM
               DELAY_LIGA   0x00002b    program     static /home/andre/Documents/2019.1/Microcontroladores/Atividade6.X/Atividade6.ASM
       DESLIGA_COMPRESSOR   0x000037    program     static /home/andre/Documents/2019.1/Microcontroladores/Atividade6.X/Atividade6.ASM
                   INICIO   0x00000d    program     static /home/andre/Documents/2019.1/Microcontroladores/Atividade6.X/Atividade6.ASM
          LIGA_COMPRESSOR   0x000028    program     static /home/andre/Documents/2019.1/Microcontroladores/Atividade6.X/Atividade6.ASM
                     MAIN   0x00001c    program     static /home/andre/Documents/2019.1/Microcontroladores/Atividade6.X/Atividade6.ASM
                  SAI_INT   0x000007    program     static /home/andre/Documents/2019.1/Microcontroladores/Atividade6.X/Atividade6.ASM
               SUBROTINA1   0x00000c    program     static /home/andre/Documents/2019.1/Microcontroladores/Atividade6.X/Atividade6.ASM
                    T_MIN   0x000024    program     static /home/andre/Documents/2019.1/Microcontroladores/Atividade6.X/Atividade6.ASM
             _.org_1_0030   0x000030    program     static /home/andre/Documents/2019.1/Microcontroladores/Atividade6.X/Atividade6.ASM
             _.org_1_003F   0x00003f    program     static /home/andre/Documents/2019.1/Microcontroladores/Atividade6.X/Atividade6.ASM



                              Symbols - Sorted by Address
                     Name    Address   Location    Storage File                     
                ---------  ---------  ---------  --------- ---------                
                  SAI_INT   0x000007    program     static /home/andre/Documents/2019.1/Microcontroladores/Atividade6.X/Atividade6.ASM
               SUBROTINA1   0x00000c    program     static /home/andre/Documents/2019.1/Microcontroladores/Atividade6.X/Atividade6.ASM
                   INICIO   0x00000d    program     static /home/andre/Documents/2019.1/Microcontroladores/Atividade6.X/Atividade6.ASM
                     MAIN   0x00001c    program     static /home/andre/Documents/2019.1/Microcontroladores/Atividade6.X/Atividade6.ASM
                   COMECO   0x00001d    program     static /home/andre/Documents/2019.1/Microcontroladores/Atividade6.X/Atividade6.ASM
                    T_MIN   0x000024    program     static /home/andre/Documents/2019.1/Microcontroladores/Atividade6.X/Atividade6.ASM
          LIGA_COMPRESSOR   0x000028    program     static /home/andre/Documents/2019.1/Microcontroladores/Atividade6.X/Atividade6.ASM
               DELAY_LIGA   0x00002b    program     static /home/andre/Documents/2019.1/Microcontroladores/Atividade6.X/Atividade6.ASM
             _.org_1_0030   0x000030    program     static /home/andre/Documents/2019.1/Microcontroladores/Atividade6.X/Atividade6.ASM
       DESLIGA_COMPRESSOR   0x000037    program     static /home/andre/Documents/2019.1/Microcontroladores/Atividade6.X/Atividade6.ASM
            DELAY_DESLIGA   0x00003a    program     static /home/andre/Documents/2019.1/Microcontroladores/Atividade6.X/Atividade6.ASM
             _.org_1_003F   0x00003f    program     static /home/andre/Documents/2019.1/Microcontroladores/Atividade6.X/Atividade6.ASM


