MPLINK 5.09, LINKER
Linker Map File - Created Thu Aug 15 14:32:05 2019

                                 Section Info
                  Section       Type    Address   Location Size(Bytes)
                ---------  ---------  ---------  ---------  ---------
                   .org_0       code   0x000000    program   0x000000
                   .org_1       code   0x000000    program   0x000002
                   .org_2       code   0x000004    program   0x00004e
.config_2007_/HOME/ANDRE/DOCUMENTS/2019.1/MIC       code   0x002007    program   0x000002



                              Program Memory Usage 
                               Start         End      
                           ---------   ---------      
                            0x000000    0x000000      
                            0x000004    0x00002a      
                            0x002007    0x002007      
            41 out of 1158 program addresses used, program memory utilization is 3%



                              Symbols - Sorted by Name
                     Name    Address   Location    Storage File                     
                ---------  ---------  ---------  --------- ---------                
       AINDA_NAO_TERMINOU   0x000022    program     static /home/andre/Documents/2019.1/Microcontroladores/dia_18_07.X/dia_18_07.ASM
                   COMECO   0x000020    program     static /home/andre/Documents/2019.1/Microcontroladores/dia_18_07.X/dia_18_07.ASM
                   INICIO   0x00000d    program     static /home/andre/Documents/2019.1/Microcontroladores/dia_18_07.X/dia_18_07.ASM
                     MAIN   0x00001b    program     static /home/andre/Documents/2019.1/Microcontroladores/dia_18_07.X/dia_18_07.ASM
                  SAI_INT   0x000007    program     static /home/andre/Documents/2019.1/Microcontroladores/dia_18_07.X/dia_18_07.ASM
               SUBROTINA1   0x00000c    program     static /home/andre/Documents/2019.1/Microcontroladores/dia_18_07.X/dia_18_07.ASM



                              Symbols - Sorted by Address
                     Name    Address   Location    Storage File                     
                ---------  ---------  ---------  --------- ---------                
                  SAI_INT   0x000007    program     static /home/andre/Documents/2019.1/Microcontroladores/dia_18_07.X/dia_18_07.ASM
               SUBROTINA1   0x00000c    program     static /home/andre/Documents/2019.1/Microcontroladores/dia_18_07.X/dia_18_07.ASM
                   INICIO   0x00000d    program     static /home/andre/Documents/2019.1/Microcontroladores/dia_18_07.X/dia_18_07.ASM
                     MAIN   0x00001b    program     static /home/andre/Documents/2019.1/Microcontroladores/dia_18_07.X/dia_18_07.ASM
                   COMECO   0x000020    program     static /home/andre/Documents/2019.1/Microcontroladores/dia_18_07.X/dia_18_07.ASM
       AINDA_NAO_TERMINOU   0x000022    program     static /home/andre/Documents/2019.1/Microcontroladores/dia_18_07.X/dia_18_07.ASM


