MPLINK 5.09, LINKER
Linker Map File - Created Sat Jun 29 20:08:06 2019

                                 Section Info
                  Section       Type    Address   Location Size(Bytes)
                ---------  ---------  ---------  ---------  ---------
                   .org_0       code   0x000000    program   0x000000
                   .org_1       code   0x000000    program   0x000002
                   .org_2       code   0x000004    program   0x00003c
.config_2007_/HOME/ANDRE/DOCUMENTS/2019.1/MIC       code   0x002007    program   0x000002



                              Program Memory Usage 
                               Start         End      
                           ---------   ---------      
                            0x000000    0x000000      
                            0x000004    0x000021      
                            0x002007    0x002007      
            32 out of 1158 program addresses used, program memory utilization is 2%



                              Symbols - Sorted by Name
                     Name    Address   Location    Storage File                     
                ---------  ---------  ---------  --------- ---------                
                     DL_1   0x00001c    program     static /home/andre/Documents/2019.1/Microcontroladores/Testes.X/testes.ASM
                   INICIO   0x00000d    program     static /home/andre/Documents/2019.1/Microcontroladores/Testes.X/testes.ASM
                     MAIN   0x000018    program     static /home/andre/Documents/2019.1/Microcontroladores/Testes.X/testes.ASM
                  SAI_INT   0x000007    program     static /home/andre/Documents/2019.1/Microcontroladores/Testes.X/testes.ASM
               SUBROTINA1   0x00000c    program     static /home/andre/Documents/2019.1/Microcontroladores/Testes.X/testes.ASM



                              Symbols - Sorted by Address
                     Name    Address   Location    Storage File                     
                ---------  ---------  ---------  --------- ---------                
                  SAI_INT   0x000007    program     static /home/andre/Documents/2019.1/Microcontroladores/Testes.X/testes.ASM
               SUBROTINA1   0x00000c    program     static /home/andre/Documents/2019.1/Microcontroladores/Testes.X/testes.ASM
                   INICIO   0x00000d    program     static /home/andre/Documents/2019.1/Microcontroladores/Testes.X/testes.ASM
                     MAIN   0x000018    program     static /home/andre/Documents/2019.1/Microcontroladores/Testes.X/testes.ASM
                     DL_1   0x00001c    program     static /home/andre/Documents/2019.1/Microcontroladores/Testes.X/testes.ASM


