MPLINK 5.09, LINKER
Linker Map File - Created Mon Jul 29 01:25:39 2019

                                 Section Info
                  Section       Type    Address   Location Size(Bytes)
                ---------  ---------  ---------  ---------  ---------
                   .org_0       code   0x000000    program   0x000002
                   .cinit    romdata   0x000001    program   0x000004
                   .org_1       code   0x000004    program   0x000048
.config_2007_BUILD/DEFAULT/DEBUG/AULA_16_07.O       code   0x002007    program   0x000002



                              Program Memory Usage 
                               Start         End      
                           ---------   ---------      
                            0x000000    0x000002      
                            0x000004    0x000027      
                            0x002007    0x002007      
            40 out of 1158 program addresses used, program memory utilization is 3%



                              Symbols - Sorted by Name
                     Name    Address   Location    Storage File                     
                ---------  ---------  ---------  --------- ---------                
       AINDA_NAO_TERMINOU   0x00001e    program     static /home/andre/Documents/2019.1/Microcontroladores/aula_16_07.X/aula_16_07.ASM
                   INICIO   0x00000d    program     static /home/andre/Documents/2019.1/Microcontroladores/aula_16_07.X/aula_16_07.ASM
                     MAIN   0x00001b    program     static /home/andre/Documents/2019.1/Microcontroladores/aula_16_07.X/aula_16_07.ASM
                  SAI_INT   0x000007    program     static /home/andre/Documents/2019.1/Microcontroladores/aula_16_07.X/aula_16_07.ASM
                 SETA_GP5   0x000026    program     static /home/andre/Documents/2019.1/Microcontroladores/aula_16_07.X/aula_16_07.ASM
               SUBROTINA1   0x00000c    program     static /home/andre/Documents/2019.1/Microcontroladores/aula_16_07.X/aula_16_07.ASM



                              Symbols - Sorted by Address
                     Name    Address   Location    Storage File                     
                ---------  ---------  ---------  --------- ---------                
                  SAI_INT   0x000007    program     static /home/andre/Documents/2019.1/Microcontroladores/aula_16_07.X/aula_16_07.ASM
               SUBROTINA1   0x00000c    program     static /home/andre/Documents/2019.1/Microcontroladores/aula_16_07.X/aula_16_07.ASM
                   INICIO   0x00000d    program     static /home/andre/Documents/2019.1/Microcontroladores/aula_16_07.X/aula_16_07.ASM
                     MAIN   0x00001b    program     static /home/andre/Documents/2019.1/Microcontroladores/aula_16_07.X/aula_16_07.ASM
       AINDA_NAO_TERMINOU   0x00001e    program     static /home/andre/Documents/2019.1/Microcontroladores/aula_16_07.X/aula_16_07.ASM
                 SETA_GP5   0x000026    program     static /home/andre/Documents/2019.1/Microcontroladores/aula_16_07.X/aula_16_07.ASM


